// Jest Snapshot v1, https://goo.gl/fbAQLP

exports[`Login Screen Component Should match to snapshot 1`] = `
<View
  collapsable={true}
  pointerEvents="box-none"
  style={
    Object {
      "flex": 1,
    }
  }
>
  <View
    style={
      Object {
        "alignContent": "center",
        "alignItems": "center",
        "flex": 1,
        "justifyContent": "center",
        "margin": 15,
      }
    }
  >
    <Text>
      LOGIN SCREN
    </Text>
    <TextInput
      allowFontScaling={true}
      rejectResponderTermination={true}
      style={
        Array [
          Object {
            "borderColor": "gray",
            "borderRadius": 5,
            "borderWidth": 1,
            "height": 40,
            "width": 350,
          },
          Object {
            "marginTop": 20,
          },
        ]
      }
      testID="loginInput"
      underlineColorAndroid="transparent"
    />
    <View
      accessible={true}
      focusable={true}
      isTVSelectable={true}
      style={
        Object {
          "alignSelf": "center",
          "backgroundColor": "orange",
          "borderRadius": 5,
          "flex": 0,
          "marginTop": 20,
          "opacity": 1,
          "padding": 15,
          "paddingHorizontal": 20,
        }
      }
      testID="loginButton"
    >
      <Text
        style={
          Object {
            "alignSelf": "center",
            "fontSize": 14,
          }
        }
      >
        GO TO PROFILE
      </Text>
    </View>
  </View>
</View>
`;
